[1m[33mComponent HMR has been enabled, see https://angular.dev/hmr for more info.[39m[22m
[1m[33m[33m▲ [43;33m[[43;30mWARNING[43;33m][0m [1mNG8107: The left side of this optional chain operation does not include 'null' or 'undefined' in its type, therefore the '?.' operator can be replaced with the '.' operator.[0m [1m[35m[plugin angular-compiler][0m

    src/app/layout/shell.component.html:55:30:
[37m      55 │             {{ u.username[0]?.[32mtoUpperCase[37m() }}
         ╵                               [32m~~~~~~~~~~~[0m

  Error occurs in the template of component ShellComponent.

    src/app/layout/shell.component.ts:10:15:
[37m      10 │   templateUrl: [32m'./shell.component.html'[37m
         ╵                [32m~~~~~~~~~~~~~~~~~~~~~~~~[0m

[39m[22m
[1m[33m[33m▲ [43;33m[[43;30mWARNING[43;33m][0m [1mNG8107: The left side of this optional chain operation does not include 'null' or 'undefined' in its type, therefore the '?.' operator can be replaced with the '.' operator.[0m [1m[35m[plugin angular-compiler][0m

    src/app/layout/shell.component.html:55:30:
[37m      55 │             {{ u.username[0]?.[32mtoUpperCase[37m() }}
         ╵                               [32m~~~~~~~~~~~[0m

  Error occurs in the template of component ShellComponent.

    src/app/layout/shell.component.ts:10:15:
[37m      10 │   templateUrl: [32m'./shell.component.html'[37m
         ╵                [32m~~~~~~~~~~~~~~~~~~~~~~~~[0m

[39m[22m
[1m[33m[33m▲ [43;33m[[43;30mWARNING[43;33m][0m [1mNG8107: The left side of this optional chain operation does not include 'null' or 'undefined' in its type, therefore the '?.' operator can be replaced with the '.' operator.[0m [1m[35m[plugin angular-compiler][0m

    src/app/layout/shell.component.html:55:30:
[37m      55 │             {{ u.username[0]?.[32mtoUpperCase[37m() }}
         ╵                               [32m~~~~~~~~~~~[0m

  Error occurs in the template of component ShellComponent.

    src/app/layout/shell.component.ts:10:15:
[37m      10 │   templateUrl: [32m'./shell.component.html'[37m
         ╵                [32m~~~~~~~~~~~~~~~~~~~~~~~~[0m

[39m[22m
[1m[33m[33m▲ [43;33m[[43;30mWARNING[43;33m][0m [1mNG8107: The left side of this optional chain operation does not include 'null' or 'undefined' in its type, therefore the '?.' operator can be replaced with the '.' operator.[0m [1m[35m[plugin angular-compiler][0m

    src/app/layout/shell.component.html:55:30:
[37m      55 │             {{ u.username[0]?.[32mtoUpperCase[37m() }}
         ╵                               [32m~~~~~~~~~~~[0m

  Error occurs in the template of component ShellComponent.

    src/app/layout/shell.component.ts:10:15:
[37m      10 │   templateUrl: [32m'./shell.component.html'[37m
         ╵                [32m~~~~~~~~~~~~~~~~~~~~~~~~[0m

[39m[22m
[1m[33m[33m▲ [43;33m[[43;30mWARNING[43;33m][0m [1mNG8107: The left side of this optional chain operation does not include 'null' or 'undefined' in its type, therefore the '?.' operator can be replaced with the '.' operator.[0m [1m[35m[plugin angular-compiler][0m

    src/app/layout/shell.component.html:55:30:
[37m      55 │             {{ u.username[0]?.[32mtoUpperCase[37m() }}
         ╵                               [32m~~~~~~~~~~~[0m

  Error occurs in the template of component ShellComponent.

    src/app/layout/shell.component.ts:10:15:
[37m      10 │   templateUrl: [32m'./shell.component.html'[37m
         ╵                [32m~~~~~~~~~~~~~~~~~~~~~~~~[0m

[39m[22m
[1m[33m[33m▲ [43;33m[[43;30mWARNING[43;33m][0m [1mNG8107: The left side of this optional chain operation does not include 'null' or 'undefined' in its type, therefore the '?.' operator can be replaced with the '.' operator.[0m [1m[35m[plugin angular-compiler][0m

    src/app/layout/shell.component.html:55:30:
[37m      55 │             {{ u.username[0]?.[32mtoUpperCase[37m() }}
         ╵                               [32m~~~~~~~~~~~[0m

  Error occurs in the template of component ShellComponent.

    src/app/layout/shell.component.ts:10:15:
[37m      10 │   templateUrl: [32m'./shell.component.html'[37m
         ╵                [32m~~~~~~~~~~~~~~~~~~~~~~~~[0m

[39m[22m
[1m[33m[33m▲ [43;33m[[43;30mWARNING[43;33m][0m [1mNG8107: The left side of this optional chain operation does not include 'null' or 'undefined' in its type, therefore the '?.' operator can be replaced with the '.' operator.[0m [1m[35m[plugin angular-compiler][0m

    src/app/layout/shell.component.html:55:30:
[37m      55 │             {{ u.username[0]?.[32mtoUpperCase[37m() }}
         ╵                               [32m~~~~~~~~~~~[0m

  Error occurs in the template of component ShellComponent.

    src/app/layout/shell.component.ts:10:15:
[37m      10 │   templateUrl: [32m'./shell.component.html'[37m
         ╵                [32m~~~~~~~~~~~~~~~~~~~~~~~~[0m

[39m[22m
[1m[33m[33m▲ [43;33m[[43;30mWARNING[43;33m][0m [1mNG8107: The left side of this optional chain operation does not include 'null' or 'undefined' in its type, therefore the '?.' operator can be replaced with the '.' operator.[0m [1m[35m[plugin angular-compiler][0m

    src/app/layout/shell.component.html:55:30:
[37m      55 │             {{ u.username[0]?.[32mtoUpperCase[37m() }}
         ╵                               [32m~~~~~~~~~~~[0m

  Error occurs in the template of component ShellComponent.

    src/app/layout/shell.component.ts:10:15:
[37m      10 │   templateUrl: [32m'./shell.component.html'[37m
         ╵                [32m~~~~~~~~~~~~~~~~~~~~~~~~[0m

[39m[22m
[1m[33m[33m▲ [43;33m[[43;30mWARNING[43;33m][0m [1mNG8107: The left side of this optional chain operation does not include 'null' or 'undefined' in its type, therefore the '?.' operator can be replaced with the '.' operator.[0m [1m[35m[plugin angular-compiler][0m

    src/app/layout/shell.component.html:55:30:
[37m      55 │             {{ u.username[0]?.[32mtoUpperCase[37m() }}
         ╵                               [32m~~~~~~~~~~~[0m

  Error occurs in the template of component ShellComponent.

    src/app/layout/shell.component.ts:10:15:
[37m      10 │   templateUrl: [32m'./shell.component.html'[37m
         ╵                [32m~~~~~~~~~~~~~~~~~~~~~~~~[0m

[39m[22m
[1m[33m[33m▲ [43;33m[[43;30mWARNING[43;33m][0m [1mNG8107: The left side of this optional chain operation does not include 'null' or 'undefined' in its type, therefore the '?.' operator can be replaced with the '.' operator.[0m [1m[35m[plugin angular-compiler][0m

    src/app/layout/shell.component.html:55:30:
[37m      55 │             {{ u.username[0]?.[32mtoUpperCase[37m() }}
         ╵                               [32m~~~~~~~~~~~[0m

  Error occurs in the template of component ShellComponent.

    src/app/layout/shell.component.ts:10:15:
[37m      10 │   templateUrl: [32m'./shell.component.html'[37m
         ╵                [32m~~~~~~~~~~~~~~~~~~~~~~~~[0m

[39m[22m
[1m[33m[33m▲ [43;33m[[43;30mWARNING[43;33m][0m [1mNG8107: The left side of this optional chain operation does not include 'null' or 'undefined' in its type, therefore the '?.' operator can be replaced with the '.' operator.[0m [1m[35m[plugin angular-compiler][0m

    src/app/layout/shell.component.html:55:30:
[37m      55 │             {{ u.username[0]?.[32mtoUpperCase[37m() }}
         ╵                               [32m~~~~~~~~~~~[0m

  Error occurs in the template of component ShellComponent.

    src/app/layout/shell.component.ts:10:15:
[37m      10 │   templateUrl: [32m'./shell.component.html'[37m
         ╵                [32m~~~~~~~~~~~~~~~~~~~~~~~~[0m

[39m[22m
[1m[33m[33m▲ [43;33m[[43;30mWARNING[43;33m][0m [1mNG8107: The left side of this optional chain operation does not include 'null' or 'undefined' in its type, therefore the '?.' operator can be replaced with the '.' operator.[0m [1m[35m[plugin angular-compiler][0m

    src/app/layout/shell.component.html:55:30:
[37m      55 │             {{ u.username[0]?.[32mtoUpperCase[37m() }}
         ╵                               [32m~~~~~~~~~~~[0m

  Error occurs in the template of component ShellComponent.

    src/app/layout/shell.component.ts:10:15:
[37m      10 │   templateUrl: [32m'./shell.component.html'[37m
         ╵                [32m~~~~~~~~~~~~~~~~~~~~~~~~[0m

[39m[22m
[1m[33m[33m▲ [43;33m[[43;30mWARNING[43;33m][0m [1mNG8107: The left side of this optional chain operation does not include 'null' or 'undefined' in its type, therefore the '?.' operator can be replaced with the '.' operator.[0m [1m[35m[plugin angular-compiler][0m

    src/app/layout/shell.component.html:55:30:
[37m      55 │             {{ u.username[0]?.[32mtoUpperCase[37m() }}
         ╵                               [32m~~~~~~~~~~~[0m

  Error occurs in the template of component ShellComponent.

    src/app/layout/shell.component.ts:10:15:
[37m      10 │   templateUrl: [32m'./shell.component.html'[37m
         ╵                [32m~~~~~~~~~~~~~~~~~~~~~~~~[0m

[39m[22m
[1m[33m[33m▲ [43;33m[[43;30mWARNING[43;33m][0m [1mNG8107: The left side of this optional chain operation does not include 'null' or 'undefined' in its type, therefore the '?.' operator can be replaced with the '.' operator.[0m [1m[35m[plugin angular-compiler][0m

    src/app/layout/shell.component.html:55:30:
[37m      55 │             {{ u.username[0]?.[32mtoUpperCase[37m() }}
         ╵                               [32m~~~~~~~~~~~[0m

  Error occurs in the template of component ShellComponent.

    src/app/layout/shell.component.ts:10:15:
[37m      10 │   templateUrl: [32m'./shell.component.html'[37m
         ╵                [32m~~~~~~~~~~~~~~~~~~~~~~~~[0m

[39m[22m
[1m[33m[33m▲ [43;33m[[43;30mWARNING[43;33m][0m [1mNG8107: The left side of this optional chain operation does not include 'null' or 'undefined' in its type, therefore the '?.' operator can be replaced with the '.' operator.[0m [1m[35m[plugin angular-compiler][0m

    src/app/layout/shell.component.html:55:30:
[37m      55 │             {{ u.username[0]?.[32mtoUpperCase[37m() }}
         ╵                               [32m~~~~~~~~~~~[0m

  Error occurs in the template of component ShellComponent.

    src/app/layout/shell.component.ts:10:15:
[37m      10 │   templateUrl: [32m'./shell.component.html'[37m
         ╵                [32m~~~~~~~~~~~~~~~~~~~~~~~~[0m

[39m[22m
[1m[33m[33m▲ [43;33m[[43;30mWARNING[43;33m][0m [1mNG8107: The left side of this optional chain operation does not include 'null' or 'undefined' in its type, therefore the '?.' operator can be replaced with the '.' operator.[0m [1m[35m[plugin angular-compiler][0m

    src/app/layout/shell.component.html:55:30:
[37m      55 │             {{ u.username[0]?.[32mtoUpperCase[37m() }}
         ╵                               [32m~~~~~~~~~~~[0m

  Error occurs in the template of component ShellComponent.

    src/app/layout/shell.component.ts:10:15:
[37m      10 │   templateUrl: [32m'./shell.component.html'[37m
         ╵                [32m~~~~~~~~~~~~~~~~~~~~~~~~[0m

[39m[22m
[1m[33m[33m▲ [43;33m[[43;30mWARNING[43;33m][0m [1mNG8107: The left side of this optional chain operation does not include 'null' or 'undefined' in its type, therefore the '?.' operator can be replaced with the '.' operator.[0m [1m[35m[plugin angular-compiler][0m

    src/app/layout/shell.component.html:55:30:
[37m      55 │             {{ u.username[0]?.[32mtoUpperCase[37m() }}
         ╵                               [32m~~~~~~~~~~~[0m

  Error occurs in the template of component ShellComponent.

    src/app/layout/shell.component.ts:10:15:
[37m      10 │   templateUrl: [32m'./shell.component.html'[37m
         ╵                [32m~~~~~~~~~~~~~~~~~~~~~~~~[0m

[39m[22m
[1m[33m[33m▲ [43;33m[[43;30mWARNING[43;33m][0m [1mNG8107: The left side of this optional chain operation does not include 'null' or 'undefined' in its type, therefore the '?.' operator can be replaced with the '.' operator.[0m [1m[35m[plugin angular-compiler][0m

    src/app/layout/shell.component.html:55:30:
[37m      55 │             {{ u.username[0]?.[32mtoUpperCase[37m() }}
         ╵                               [32m~~~~~~~~~~~[0m

  Error occurs in the template of component ShellComponent.

    src/app/layout/shell.component.ts:10:15:
[37m      10 │   templateUrl: [32m'./shell.component.html'[37m
         ╵                [32m~~~~~~~~~~~~~~~~~~~~~~~~[0m

[39m[22m
[1m[33m[33m▲ [43;33m[[43;30mWARNING[43;33m][0m [1mNG8107: The left side of this optional chain operation does not include 'null' or 'undefined' in its type, therefore the '?.' operator can be replaced with the '.' operator.[0m [1m[35m[plugin angular-compiler][0m

    src/app/layout/shell.component.html:55:30:
[37m      55 │             {{ u.username[0]?.[32mtoUpperCase[37m() }}
         ╵                               [32m~~~~~~~~~~~[0m

  Error occurs in the template of component ShellComponent.

    src/app/layout/shell.component.ts:10:15:
[37m      10 │   templateUrl: [32m'./shell.component.html'[37m
         ╵                [32m~~~~~~~~~~~~~~~~~~~~~~~~[0m

[39m[22m
[1m[33m[33m▲ [43;33m[[43;30mWARNING[43;33m][0m [1mNG8107: The left side of this optional chain operation does not include 'null' or 'undefined' in its type, therefore the '?.' operator can be replaced with the '.' operator.[0m [1m[35m[plugin angular-compiler][0m

    src/app/layout/shell.component.html:55:30:
[37m      55 │             {{ u.username[0]?.[32mtoUpperCase[37m() }}
         ╵                               [32m~~~~~~~~~~~[0m

  Error occurs in the template of component ShellComponent.

    src/app/layout/shell.component.ts:10:15:
[37m      10 │   templateUrl: [32m'./shell.component.html'[37m
         ╵                [32m~~~~~~~~~~~~~~~~~~~~~~~~[0m

[39m[22m
[1m[33m[33m▲ [43;33m[[43;30mWARNING[43;33m][0m [1mNG8107: The left side of this optional chain operation does not include 'null' or 'undefined' in its type, therefore the '?.' operator can be replaced with the '.' operator.[0m [1m[35m[plugin angular-compiler][0m

    src/app/layout/shell.component.html:55:30:
[37m      55 │             {{ u.username[0]?.[32mtoUpperCase[37m() }}
         ╵                               [32m~~~~~~~~~~~[0m

  Error occurs in the template of component ShellComponent.

    src/app/layout/shell.component.ts:10:15:
[37m      10 │   templateUrl: [32m'./shell.component.html'[37m
         ╵                [32m~~~~~~~~~~~~~~~~~~~~~~~~[0m

[39m[22m
[1m[33m[33m▲ [43;33m[[43;30mWARNING[43;33m][0m [1mNG8107: The left side of this optional chain operation does not include 'null' or 'undefined' in its type, therefore the '?.' operator can be replaced with the '.' operator.[0m [1m[35m[plugin angular-compiler][0m

    src/app/layout/shell.component.html:55:30:
[37m      55 │             {{ u.username[0]?.[32mtoUpperCase[37m() }}
         ╵                               [32m~~~~~~~~~~~[0m

  Error occurs in the template of component ShellComponent.

    src/app/layout/shell.component.ts:10:15:
[37m      10 │   templateUrl: [32m'./shell.component.html'[37m
         ╵                [32m~~~~~~~~~~~~~~~~~~~~~~~~[0m

[39m[22m
[1m[33m[33m▲ [43;33m[[43;30mWARNING[43;33m][0m [1mNG8107: The left side of this optional chain operation does not include 'null' or 'undefined' in its type, therefore the '?.' operator can be replaced with the '.' operator.[0m [1m[35m[plugin angular-compiler][0m

    src/app/layout/shell.component.html:55:30:
[37m      55 │             {{ u.username[0]?.[32mtoUpperCase[37m() }}
         ╵                               [32m~~~~~~~~~~~[0m

  Error occurs in the template of component ShellComponent.

    src/app/layout/shell.component.ts:10:15:
[37m      10 │   templateUrl: [32m'./shell.component.html'[37m
         ╵                [32m~~~~~~~~~~~~~~~~~~~~~~~~[0m

[39m[22m
[1m[33m[33m▲ [43;33m[[43;30mWARNING[43;33m][0m [1mNG8107: The left side of this optional chain operation does not include 'null' or 'undefined' in its type, therefore the '?.' operator can be replaced with the '.' operator.[0m [1m[35m[plugin angular-compiler][0m

    src/app/layout/shell.component.html:55:30:
[37m      55 │             {{ u.username[0]?.[32mtoUpperCase[37m() }}
         ╵                               [32m~~~~~~~~~~~[0m

  Error occurs in the template of component ShellComponent.

    src/app/layout/shell.component.ts:10:15:
[37m      10 │   templateUrl: [32m'./shell.component.html'[37m
         ╵                [32m~~~~~~~~~~~~~~~~~~~~~~~~[0m

[39m[22m
[1m[33m[33m▲ [43;33m[[43;30mWARNING[43;33m][0m [1mNG8107: The left side of this optional chain operation does not include 'null' or 'undefined' in its type, therefore the '?.' operator can be replaced with the '.' operator.[0m [1m[35m[plugin angular-compiler][0m

    src/app/layout/shell.component.html:55:30:
[37m      55 │             {{ u.username[0]?.[32mtoUpperCase[37m() }}
         ╵                               [32m~~~~~~~~~~~[0m

  Error occurs in the template of component ShellComponent.

    src/app/layout/shell.component.ts:10:15:
[37m      10 │   templateUrl: [32m'./shell.component.html'[37m
         ╵                [32m~~~~~~~~~~~~~~~~~~~~~~~~[0m

[39m[22m
[1m[33m[33m▲ [43;33m[[43;30mWARNING[43;33m][0m [1mNG8107: The left side of this optional chain operation does not include 'null' or 'undefined' in its type, therefore the '?.' operator can be replaced with the '.' operator.[0m [1m[35m[plugin angular-compiler][0m

    src/app/layout/shell.component.html:55:30:
[37m      55 │             {{ u.username[0]?.[32mtoUpperCase[37m() }}
         ╵                               [32m~~~~~~~~~~~[0m

  Error occurs in the template of component ShellComponent.

    src/app/layout/shell.component.ts:10:15:
[37m      10 │   templateUrl: [32m'./shell.component.html'[37m
         ╵                [32m~~~~~~~~~~~~~~~~~~~~~~~~[0m

[39m[22m
[1m[33m[33m▲ [43;33m[[43;30mWARNING[43;33m][0m [1mNG8107: The left side of this optional chain operation does not include 'null' or 'undefined' in its type, therefore the '?.' operator can be replaced with the '.' operator.[0m [1m[35m[plugin angular-compiler][0m

    src/app/layout/shell.component.html:55:30:
[37m      55 │             {{ u.username[0]?.[32mtoUpperCase[37m() }}
         ╵                               [32m~~~~~~~~~~~[0m

  Error occurs in the template of component ShellComponent.

    src/app/layout/shell.component.ts:10:15:
[37m      10 │   templateUrl: [32m'./shell.component.html'[37m
         ╵                [32m~~~~~~~~~~~~~~~~~~~~~~~~[0m

[39m[22m
[1m[33m[33m▲ [43;33m[[43;30mWARNING[43;33m][0m [1mNG8107: The left side of this optional chain operation does not include 'null' or 'undefined' in its type, therefore the '?.' operator can be replaced with the '.' operator.[0m [1m[35m[plugin angular-compiler][0m

    src/app/layout/shell.component.html:55:30:
[37m      55 │             {{ u.username[0]?.[32mtoUpperCase[37m() }}
         ╵                               [32m~~~~~~~~~~~[0m

  Error occurs in the template of component ShellComponent.

    src/app/layout/shell.component.ts:10:15:
[37m      10 │   templateUrl: [32m'./shell.component.html'[37m
         ╵                [32m~~~~~~~~~~~~~~~~~~~~~~~~[0m

[39m[22m
[1m[33m[33m▲ [43;33m[[43;30mWARNING[43;33m][0m [1mNG8107: The left side of this optional chain operation does not include 'null' or 'undefined' in its type, therefore the '?.' operator can be replaced with the '.' operator.[0m [1m[35m[plugin angular-compiler][0m

    src/app/layout/shell.component.html:55:30:
[37m      55 │             {{ u.username[0]?.[32mtoUpperCase[37m() }}
         ╵                               [32m~~~~~~~~~~~[0m

  Error occurs in the template of component ShellComponent.

    src/app/layout/shell.component.ts:10:15:
[37m      10 │   templateUrl: [32m'./shell.component.html'[37m
         ╵                [32m~~~~~~~~~~~~~~~~~~~~~~~~[0m

[39m[22m
[1m[33m[33m▲ [43;33m[[43;30mWARNING[43;33m][0m [1mNG8107: The left side of this optional chain operation does not include 'null' or 'undefined' in its type, therefore the '?.' operator can be replaced with the '.' operator.[0m [1m[35m[plugin angular-compiler][0m

    src/app/layout/shell.component.html:55:30:
[37m      55 │             {{ u.username[0]?.[32mtoUpperCase[37m() }}
         ╵                               [32m~~~~~~~~~~~[0m

  Error occurs in the template of component ShellComponent.

    src/app/layout/shell.component.ts:10:15:
[37m      10 │   templateUrl: [32m'./shell.component.html'[37m
         ╵                [32m~~~~~~~~~~~~~~~~~~~~~~~~[0m

[39m[22m
[1m[33m[33m▲ [43;33m[[43;30mWARNING[43;33m][0m [1mNG8107: The left side of this optional chain operation does not include 'null' or 'undefined' in its type, therefore the '?.' operator can be replaced with the '.' operator.[0m [1m[35m[plugin angular-compiler][0m

    src/app/layout/shell.component.html:55:30:
[37m      55 │             {{ u.username[0]?.[32mtoUpperCase[37m() }}
         ╵                               [32m~~~~~~~~~~~[0m

  Error occurs in the template of component ShellComponent.

    src/app/layout/shell.component.ts:10:15:
[37m      10 │   templateUrl: [32m'./shell.component.html'[37m
         ╵                [32m~~~~~~~~~~~~~~~~~~~~~~~~[0m

[39m[22m
[1m[33m[33m▲ [43;33m[[43;30mWARNING[43;33m][0m [1mNG8107: The left side of this optional chain operation does not include 'null' or 'undefined' in its type, therefore the '?.' operator can be replaced with the '.' operator.[0m [1m[35m[plugin angular-compiler][0m

    src/app/layout/shell.component.html:55:30:
[37m      55 │             {{ u.username[0]?.[32mtoUpperCase[37m() }}
         ╵                               [32m~~~~~~~~~~~[0m

  Error occurs in the template of component ShellComponent.

    src/app/layout/shell.component.ts:10:15:
[37m      10 │   templateUrl: [32m'./shell.component.html'[37m
         ╵                [32m~~~~~~~~~~~~~~~~~~~~~~~~[0m

[39m[22m
[1m[33m[33m▲ [43;33m[[43;30mWARNING[43;33m][0m [1mNG8107: The left side of this optional chain operation does not include 'null' or 'undefined' in its type, therefore the '?.' operator can be replaced with the '.' operator.[0m [1m[35m[plugin angular-compiler][0m

    src/app/layout/shell.component.html:55:30:
[37m      55 │             {{ u.username[0]?.[32mtoUpperCase[37m() }}
         ╵                               [32m~~~~~~~~~~~[0m

  Error occurs in the template of component ShellComponent.

    src/app/layout/shell.component.ts:10:15:
[37m      10 │   templateUrl: [32m'./shell.component.html'[37m
         ╵                [32m~~~~~~~~~~~~~~~~~~~~~~~~[0m

[39m[22m
[1m[33m[33m▲ [43;33m[[43;30mWARNING[43;33m][0m [1mNG8107: The left side of this optional chain operation does not include 'null' or 'undefined' in its type, therefore the '?.' operator can be replaced with the '.' operator.[0m [1m[35m[plugin angular-compiler][0m

    src/app/layout/shell.component.html:55:30:
[37m      55 │             {{ u.username[0]?.[32mtoUpperCase[37m() }}
         ╵                               [32m~~~~~~~~~~~[0m

  Error occurs in the template of component ShellComponent.

    src/app/layout/shell.component.ts:10:15:
[37m      10 │   templateUrl: [32m'./shell.component.html'[37m
         ╵                [32m~~~~~~~~~~~~~~~~~~~~~~~~[0m

[39m[22m
[1m[33m[33m▲ [43;33m[[43;30mWARNING[43;33m][0m [1mNG8107: The left side of this optional chain operation does not include 'null' or 'undefined' in its type, therefore the '?.' operator can be replaced with the '.' operator.[0m [1m[35m[plugin angular-compiler][0m

    src/app/layout/shell.component.html:55:30:
[37m      55 │             {{ u.username[0]?.[32mtoUpperCase[37m() }}
         ╵                               [32m~~~~~~~~~~~[0m

  Error occurs in the template of component ShellComponent.

    src/app/layout/shell.component.ts:10:15:
[37m      10 │   templateUrl: [32m'./shell.component.html'[37m
         ╵                [32m~~~~~~~~~~~~~~~~~~~~~~~~[0m

[39m[22m
[1m[33m[33m▲ [43;33m[[43;30mWARNING[43;33m][0m [1mNG8107: The left side of this optional chain operation does not include 'null' or 'undefined' in its type, therefore the '?.' operator can be replaced with the '.' operator.[0m [1m[35m[plugin angular-compiler][0m

    src/app/layout/shell.component.html:55:30:
[37m      55 │             {{ u.username[0]?.[32mtoUpperCase[37m() }}
         ╵                               [32m~~~~~~~~~~~[0m

  Error occurs in the template of component ShellComponent.

    src/app/layout/shell.component.ts:10:15:
[37m      10 │   templateUrl: [32m'./shell.component.html'[37m
         ╵                [32m~~~~~~~~~~~~~~~~~~~~~~~~[0m

[39m[22m
[1m[33m[33m▲ [43;33m[[43;30mWARNING[43;33m][0m [1mNG8107: The left side of this optional chain operation does not include 'null' or 'undefined' in its type, therefore the '?.' operator can be replaced with the '.' operator.[0m [1m[35m[plugin angular-compiler][0m

    src/app/layout/shell.component.html:55:30:
[37m      55 │             {{ u.username[0]?.[32mtoUpperCase[37m() }}
         ╵                               [32m~~~~~~~~~~~[0m

  Error occurs in the template of component ShellComponent.

    src/app/layout/shell.component.ts:10:15:
[37m      10 │   templateUrl: [32m'./shell.component.html'[37m
         ╵                [32m~~~~~~~~~~~~~~~~~~~~~~~~[0m

[39m[22m
[1m[33m[33m▲ [43;33m[[43;30mWARNING[43;33m][0m [1mNG8107: The left side of this optional chain operation does not include 'null' or 'undefined' in its type, therefore the '?.' operator can be replaced with the '.' operator.[0m [1m[35m[plugin angular-compiler][0m

    src/app/layout/shell.component.html:55:30:
[37m      55 │             {{ u.username[0]?.[32mtoUpperCase[37m() }}
         ╵                               [32m~~~~~~~~~~~[0m

  Error occurs in the template of component ShellComponent.

    src/app/layout/shell.component.ts:10:15:
[37m      10 │   templateUrl: [32m'./shell.component.html'[37m
         ╵                [32m~~~~~~~~~~~~~~~~~~~~~~~~[0m

[39m[22m
[1m[33m[33m▲ [43;33m[[43;30mWARNING[43;33m][0m [1mNG8107: The left side of this optional chain operation does not include 'null' or 'undefined' in its type, therefore the '?.' operator can be replaced with the '.' operator.[0m [1m[35m[plugin angular-compiler][0m

    src/app/layout/shell.component.html:55:30:
[37m      55 │             {{ u.username[0]?.[32mtoUpperCase[37m() }}
         ╵                               [32m~~~~~~~~~~~[0m

  Error occurs in the template of component ShellComponent.

    src/app/layout/shell.component.ts:10:15:
[37m      10 │   templateUrl: [32m'./shell.component.html'[37m
         ╵                [32m~~~~~~~~~~~~~~~~~~~~~~~~[0m

[39m[22m
